<html>
<body>
<pre>
<h1>µVision Build Log</h1>
<h2>Tool Versions:</h2>
IDE-Version: ¦ÌVision V5.37.0.0
Copyright (C) 2022 ARM Ltd and ARM Germany GmbH. All rights reserved.
License Information: 12 8615629292630, 3434, LIC=WHYH9-4R0CJ-TGE7T-RFM0E-W1ZV7-2RPRT
 
Tool Versions:
Toolchain:       MDK-ARM Plus  Version: 5.37.0.0
Toolchain Path:  D:\MDK5\core\ARM\ARMCLANG\Bin
C Compiler:      ArmClang.exe V6.18
Assembler:       Armasm.exe V6.18
Linker/Locator:  ArmLink.exe V6.18
Library Manager: ArmAr.exe V6.18
Hex Converter:   FromElf.exe V6.18
CPU DLL:         SARMCM3.DLL V5.37.0.0
Dialog DLL:      DCM.DLL V1.17.5.0
Target DLL:      STLink\ST-LINKIII-KEIL_SWO.dll V3.0.9.0
Dialog DLL:      TCM.DLL V1.56.1.0
 
<h2>Project:</h2>
D:\cube_project\JY901\MDK-ARM\JY901.uvprojx
Project File Date:  12/03/2022

<h2>Output:</h2>
*** Using Compiler 'V6.18', folder: 'D:\MDK5\core\ARM\ARMCLANG\Bin'
Rebuild target 'JY901'
compiling dma.c...
compiling pid.c...
../Core/Src/jy901.c(80): warning: 'memcpy' will always overflow; destination buffer has size 4, but size argument is 8 [-Wfortify-source]
                                                        memcpy(&stcLonLat.lLat,&JY901_data.RxBuffer[2 + i*11],8);
                                                        ^
1 warning generated.
compiling jy901.c...
compiling usart.c...
compiling stm32f1xx_hal.c...
compiling tim.c...
compiling stm32f1xx_hal_msp.c...
compiling stm32f1xx_it.c...
compiling encoder.c...
compiling stm32f1xx_hal_gpio_ex.c...
compiling main.c...
compiling gpio.c...
assembling startup_stm32f103xb.s...
compiling stm32f1xx_hal_rcc_ex.c...
compiling stm32f1xx_hal_tim_ex.c...
compiling stm32f1xx_hal_gpio.c...
compiling stm32f1xx_hal_cortex.c...
compiling stm32f1xx_hal_rcc.c...
compiling stm32f1xx_hal_flash_ex.c...
compiling stm32f1xx_hal_exti.c...
compiling stm32f1xx_hal_uart.c...
compiling system_stm32f1xx.c...
compiling stm32f1xx_hal_dma.c...
compiling stm32f1xx_hal_flash.c...
compiling stm32f1xx_hal_pwr.c...
compiling stm32f1xx_hal_tim.c...
linking...
Program Size: Code=16566 RO-data=310 RW-data=20 ZI-data=1852  
FromELF: creating hex file...
"JY901\JY901.axf" - 0 Error(s), 1 Warning(s).

<h2>Software Packages used:</h2>

Package Vendor: ARM
                http://www.keil.com/pack/ARM.CMSIS.5.9.0.pack
                ARM.CMSIS.5.9.0
                CMSIS (Common Microcontroller Software Interface Standard)
   * Component: CORE Version: 5.6.0

Package Vendor: Keil
                http://www.keil.com/pack/Keil.STM32F1xx_DFP.2.4.0.pack
                Keil.STM32F1xx_DFP.2.4.0
                STMicroelectronics STM32F1 Series Device Support, Drivers and Examples

<h2>Collection of Component include folders:</h2>
  ./RTE/_JY901
  D:/MDK5/pack/ARM/CMSIS/5.9.0/CMSIS/Core/Include
  D:/MDK5/pack/Keil/STM32F1xx_DFP/2.4.0/Device/Include

<h2>Collection of Component Files used:</h2>

   * Component: ARM::CMSIS:CORE:5.6.0
      Include file:  CMSIS/Core/Include/tz_context.h
Build Time Elapsed:  00:00:02
</pre>
</body>
</html>
