<html>
<body>
<pre>
<h1>µVision Build Log</h1>
<h2>Tool Versions:</h2>
IDE-Version: ¦ÌVision V5.37.0.0
Copyright (C) 2022 ARM Ltd and ARM Germany GmbH. All rights reserved.
License Information: 12 8615629292630, 3434, LIC=WHYH9-4R0CJ-TGE7T-RFM0E-W1ZV7-2RPRT
 
Tool Versions:
Toolchain:       MDK-ARM Plus  Version: 5.37.0.0
Toolchain Path:  D:\MDK5\core\ARM\ARMCLANG\Bin
C Compiler:      ArmClang.exe V6.18
Assembler:       Armasm.exe V6.18
Linker/Locator:  ArmLink.exe V6.18
Library Manager: ArmAr.exe V6.18
Hex Converter:   FromElf.exe V6.18
CPU DLL:         SARMCM3.DLL V5.37.0.0
Dialog DLL:      DCM.DLL V1.17.5.0
Target DLL:      STLink\ST-LINKIII-KEIL_SWO.dll V3.0.9.0
Dialog DLL:      TCM.DLL V1.56.1.0
 
<h2>Project:</h2>
D:\cube_project\OLED\MDK-ARM\OLED.uvprojx
Project File Date:  12/31/2022

<h2>Output:</h2>
*** Using Compiler 'V6.18', folder: 'D:\MDK5\core\ARM\ARMCLANG\Bin'
Rebuild target 'OLED'
compiling stm32f1xx_hal_rcc_ex.c...
compiling gpio.c...
compiling stm32f1xx_hal_pwr.c...
compiling stm32f1xx_hal_rcc.c...
compiling i2c.c...
compiling stm32f1xx_hal_cortex.c...
compiling stm32f1xx_hal.c...
compiling stm32f1xx_hal_dma.c...
compiling stm32f1xx_hal_gpio.c...
compiling stm32f1xx_it.c...
compiling stm32f1xx_hal_msp.c...
compiling stm32f1xx_hal_gpio_ex.c...
../Core/Src/main.c(110): warning: illegal character encoding in string literal [-Winvalid-source-encoding]
        OLED_ShowCN(0,0,(uint8_t *)"<CE><C2>");
                                    ^~~~~~~~
1 warning generated.
compiling main.c...
assembling startup_stm32f103xb.s...
compiling system_stm32f1xx.c...
compiling stm32f1xx_hal_tim_ex.c...
compiling stm32f1xx_hal_flash.c...
compiling stm32f1xx_hal_exti.c...
../Core/Src/oled.c(5): warning: In file included from...
../Core/Inc\codetab.h(228): warning: illegal character encoding in string literal [-Winvalid-source-encoding]
                "<CE><C2>",
                 ^~~~~~~~
../Core/Inc\codetab.h(230): warning: illegal character encoding in string literal [-Winvalid-source-encoding]
                "<B6><C8>",
                 ^~~~~~~~
2 warnings generated.
compiling oled.c...
compiling stm32f1xx_hal_tim.c...
compiling stm32f1xx_hal_flash_ex.c...
compiling stm32f1xx_hal_i2c.c...
linking...
Program Size: Code=7114 RO-data=414 RW-data=12 ZI-data=2140  
FromELF: creating hex file...
"OLED\OLED.axf" - 0 Error(s), 3 Warning(s).

<h2>Software Packages used:</h2>

Package Vendor: ARM
                http://www.keil.com/pack/ARM.CMSIS.5.9.0.pack
                ARM.CMSIS.5.9.0
                CMSIS (Common Microcontroller Software Interface Standard)
   * Component: CORE Version: 5.6.0

Package Vendor: Keil
                http://www.keil.com/pack/Keil.STM32F1xx_DFP.2.4.0.pack
                Keil.STM32F1xx_DFP.2.4.0
                STMicroelectronics STM32F1 Series Device Support, Drivers and Examples

<h2>Collection of Component include folders:</h2>
  ./RTE/_OLED
  D:/MDK5/pack/ARM/CMSIS/5.9.0/CMSIS/Core/Include
  D:/MDK5/pack/Keil/STM32F1xx_DFP/2.4.0/Device/Include

<h2>Collection of Component Files used:</h2>

   * Component: ARM::CMSIS:CORE:5.6.0
      Include file:  CMSIS/Core/Include/tz_context.h
Build Time Elapsed:  00:00:04
</pre>
</body>
</html>
